GTNewHorizons\AdventureBackpack2->adventurebackpack-
GTNewHorizons\AE2FluidCraft-Rework->ae2fc-
GTNewHorizons\ae2stuff->ae2stuff-
GTNewHorizons\AFSU->AFSU-
GTNewHorizons\AMDIForge->AMDIForge-
GTNewHorizons\amunra->amunra-
GTNewHorizons\AngerMod->AngerMod-
GTNewHorizons\AppleCore->AppleCore-
GTNewHorizons\Applied-Energistics-2-Unofficial->appliedenergistics2-
GTNewHorizons\ArchitectureCraft->ArchitectureCraft-
GTNewHorizons\AsieLib->AsieLib-
GTNewHorizons\Avaritia->Avaritia-
GTNewHorizons\Avaritiaddons->Avaritiaddons-
GTNewHorizons\bartworks->bartworks-
GTNewHorizons\Battlegear2->battlegear2-
GTNewHorizons\Baubles->Baubles-
GTNewHorizons\bdlib->bdlib-
GTNewHorizons\BetterAchievements->BetterAchievements-
GTNewHorizons\BetterBuildersWands->BetterBuildersWands-
GTNewHorizons\BetterCrashes->bettercrashes-
GTNewHorizons\BetterLoadingScreen->betterloadingscreen-
GTNewHorizons\BetterP2P->betterp2p-
GTNewHorizons\BetterQuesting->BetterQuesting-
GTNewHorizons\Binnie->binnie-mods-
GTNewHorizons\BlockLimiter->BlockLimiter-
GTNewHorizons\BlockRenderer6343->blockrenderer6343-
GTNewHorizons\BloodArsenal->BloodArsenal-
GTNewHorizons\BloodMagic->BloodMagic-
GTNewHorizons\Botania->Botania-
GTNewHorizons\Botanic-horizons->BotanicHorizons-
GTNewHorizons\BrandonsCore->BrandonsCore-
GTNewHorizons\BugTorch->bugtorch-
GTNewHorizons\BuildCraft->buildcraft-
GTNewHorizons\BuildCraftCompat->buildcraft-compat-
GTNewHorizons\BuildCraftOilTweak->BuildCraftOilTweak-
GTNewHorizons\CarpentersBlocks->CarpentersBlocks-
GTNewHorizons\Catwalks-2->catwalks-
GTNewHorizons\Chisel->chisel-
GTNewHorizons\ChiselTones->chiseltones-
GTNewHorizons\CodeChickenCore->CodeChickenCore-
GTNewHorizons\CodeChickenLib->CodeChickenLib-
GTNewHorizons\Computronics->Computronics-
GTNewHorizons\Controlling->controlling-
GTNewHorizons\CookingForBlockheads->CookingForBlockheads-
GTNewHorizons\CraftPresence->craftpresence-
GTNewHorizons\CraftTweaker->CraftTweaker-
GTNewHorizons\CreativeCore->creativecore-
GTNewHorizons\CropLoadCore->CropLoadCore-
GTNewHorizons\Crops-plus-plus->CropsPP-
GTNewHorizons\Custom-Main-Menu->custommainmenu-
GTNewHorizons\DefaultServerList->defaultserverlist-
GTNewHorizons\DefaultWorldGenerator->defaultworldgenerator-
GTNewHorizons\DetravScannerMod->GT.Scanner.Mod-
GTNewHorizons\Draconic-Evolution->Draconic-Evolution-
GTNewHorizons\DummyCore->DummyCore-
GTNewHorizons\Electro-Magic-Tools->EMT-
GTNewHorizons\EnderCore->endercore-
GTNewHorizons\EnderIO->EnderIO-
GTNewHorizons\EnderStorage->EnderStorage-
GTNewHorizons\EnderZoo->EnderZoo-
GTNewHorizons\EnhancedLootBags->EnhancedLootBags-
GTNewHorizons\Enklume->enklume-
GTNewHorizons\Eternal-Singularity->eternalsingularity-
GTNewHorizons\ExtraCells2->ExtraCells-
GTNewHorizons\FindIt->findit-
GTNewHorizons\FloodLights->FloodLights-
GTNewHorizons\ForbiddenMagic->Forbidden.Magic-
GTNewHorizons\ForestryMC->Forestry-
GTNewHorizons\Forgelin->forgelin-
GTNewHorizons\ForgeMultipart->ForgeMultipart-
GTNewHorizons\ForgeRelocation->ForgeRelocation-
GTNewHorizons\ForgeRelocationFMP->RelocationFMP-
GTNewHorizons\FTB-Library->FTBLib-
GTNewHorizons\FTB-Utilities->FTBUtilities-
GTNewHorizons\Gadomancy->gadomancy-
GTNewHorizons\GalacticGregGT5->galacticgreg-
GTNewHorizons\Galacticraft->Galacticraft-
GTNewHorizons\Galaxy-Space-GTNH->GalaxySpace-
GTNewHorizons\gendustry->gendustry-
GTNewHorizons\GigaGramFab->ggfab-
GTNewHorizons\GoodGenerator->GoodGenerator-
GTNewHorizons\Gravitation-Suite-Neo->gravisuiteneo-
GTNewHorizons\GT5-Unofficial->gregtech-
GTNewHorizons\GTNEIOrePlugin->gtneioreplugin-
GTNewHorizons\GTNH-Intergalactic->gtnhintergalactic-
GTNewHorizons\GTNH-Lanthanides->gtnhlanth-
GTNewHorizons\GTNH-TC-Wands->GTNH-TC-Wands-
GTNewHorizons\GTNHLib->gtnhlib-
GTNewHorizons\GTNHMixins->gtnhmixins-
GTNewHorizons\GTplusplus->GT-PlusPlus-
GTNewHorizons\Guide-API->guideapi-
GTNewHorizons\Hardcore-Ender-Expansion->HardcoreEnderExpansion-
GTNewHorizons\harvestcraft->harvestcraft-
GTNewHorizons\HelpFixer->HelpFixer-
GTNewHorizons\Hodgepodge->hodgepodge-
GTNewHorizons\HoloInventory->holoinventory-
GTNewHorizons\HungerOverhaul->HungerOverhaul-
GTNewHorizons\HydroEnergy->hydroenergy-
GTNewHorizons\IFU->ifu-
GTNewHorizons\IguanaTweaksTConstruct->IguanaTweaksTConstruct-
GTNewHorizons\Infernal-Mobs->InfernalMobs-
GTNewHorizons\InGame-Info-XML->InGameInfoXML-
GTNewHorizons\INpureCore->INpureCore-
GTNewHorizons\inventory-tweaks->inventorytweaks-
GTNewHorizons\ironchest->IronChest-
GTNewHorizons\IronChestMinecarts->IronChestMinecarts-
GTNewHorizons\Irontanks->irontanks-
GTNewHorizons\itlt->itlt-
GTNewHorizons\Jabba->JABBA-
GTNewHorizons\KekzTech->kekztech-
GTNewHorizons\KubaTech->kubatech-
GTNewHorizons\LittleTiles->littletiles-
GTNewHorizons\LogisticsPipes->logisticspipes-
GTNewHorizons\LootGames->lootgames-
GTNewHorizons\LunatriusCore->LunatriusCore-
GTNewHorizons\lwjgl3ify->lwjgl3ify-
GTNewHorizons\MagicBees->magicbees-
GTNewHorizons\MalisisCore->malisiscore-
GTNewHorizons\MalisisDoors->malisisdoors-
GTNewHorizons\Mantle->Mantle-
GTNewHorizons\Minecraft-Backpack-Mod->backpack-
GTNewHorizons\Minetweaker-Gregtech-5-Addon->GTTweaker-
GTNewHorizons\Mixingasm->mixingasm-
GTNewHorizons\ModMixins->modmixins-
GTNewHorizons\ModTweaker->ModTweaker2-
GTNewHorizons\ModularUI->modularui-
GTNewHorizons\MouseTweaks->MouseTweaks-
GTNewHorizons\MrTJPCore->MrTJPCore-
GTNewHorizons\MX-Random->mxrandom-
GTNewHorizons\MyEssentials-Core->MyEssentials-Core-
GTNewHorizons\MyPermissions->MyPermissions-
GTNewHorizons\MyTown2->MyTown2-
GTNewHorizons\Natura->Natura-
GTNewHorizons\NaturesCompass->naturescompass-
GTNewHorizons\nei-custom-diagram->NEICustomDiagram-
GTNewHorizons\NEI-Integration->NEIIntegration-
GTNewHorizons\neiaddons->NEIAddons-
GTNewHorizons\NetherPortalFix->netherportalfix-
GTNewHorizons\Netty-Patcher->NettyPatch-
GTNewHorizons\NewHorizonsCoreMod->GTNewHorizonsCoreMod-
GTNewHorizons\Nodal-Mechanics->NodalMechanics-
GTNewHorizons\NotEnoughEnergistics->NotEnoughEnergistics-
GTNewHorizons\NotEnoughIds->notenoughIDs-
GTNewHorizons\NotEnoughItems->NotEnoughItems-
GTNewHorizons\Nuclear-Control->IC2NuclearControl-
GTNewHorizons\oauth->oauth-
GTNewHorizons\OCGlasses->OpenGlasses-
GTNewHorizons\OpenBlocks->OpenBlocks-
GTNewHorizons\OpenComputers->OpenComputers-
GTNewHorizons\OpenModsLib->OpenModsLibs-
GTNewHorizons\OpenModularTurrets->OpenModularTurrets-
GTNewHorizons\OpenPrinter->openprinter-
GTNewHorizons\OpenSecurity->opensecurity-
GTNewHorizons\Opis->Opis-
GTNewHorizons\OverloadedArmorBar->overloadedarmorbar-
GTNewHorizons\PersonalSpace->personalspace-
GTNewHorizons\Player-API->PlayerAPI-
GTNewHorizons\ProjectBlue->ProjectBlue-
GTNewHorizons\ProjectRed->ProjRed-
GTNewHorizons\QmunityLib->QmunityLib-
GTNewHorizons\QuestBook->questbook-
GTNewHorizons\Railcraft->Railcraft-
GTNewHorizons\Random-Things->RandomThings-
GTNewHorizons\Realistic-World-Gen->RWG-
GTNewHorizons\RemoteIO->RemoteIO-
GTNewHorizons\Roguelike-Dungeons->roguelike-
GTNewHorizons\SC2->StevesCarts-
GTNewHorizons\Schematica->Schematica-
GTNewHorizons\SGCraft->SGCraft-
GTNewHorizons\Share-Where-I-am->sharewhereiam-
GTNewHorizons\SleepingBags->sleepingbag-
GTNewHorizons\SpecialAI->SpecialAI-
GTNewHorizons\SpecialMobs->SpecialMobs-
GTNewHorizons\SpiceOfLife->SpiceOfLife-
GTNewHorizons\SpongeMixins->SpongeMixins-
GTNewHorizons\StandardQuestingPack->StandardExpansion-
GTNewHorizons\Steve-s-Factory-Manager->StevesFactoryManager-
GTNewHorizons\StevesAddons->StevesAddons-
GTNewHorizons\StorageDrawers->StorageDrawers-
GTNewHorizons\StorageDrawers-BiomesOPlenty->StorageDrawersBop-
GTNewHorizons\StorageDrawers-Forestry->StorageDrawersForestry-
GTNewHorizons\StorageDrawers-Misc->StorageDrawersMisc-
GTNewHorizons\StorageDrawers-Natura->StorageDrawersNatura-
GTNewHorizons\StructureCompat->structurecompat-
GTNewHorizons\StructureLib->structurelib-
GTNewHorizons\Super-TiC->SuperTic-
GTNewHorizons\supersolarpanels->SSP-
GTNewHorizons\Tainted-Magic->Tainted-Magic-
GTNewHorizons\TC4Tweaks->tc4tweak-
GTNewHorizons\TCNEIAdditions->tcneiadditions-
GTNewHorizons\TCNodeTracker->tcnodetracker-
GTNewHorizons\TecTech->TecTech-
GTNewHorizons\thaumcraft-research-tweaks->ThaumcraftResearchTweaks-
GTNewHorizons\ThaumcraftMobAspects->ThaumcraftMobAspects-
GTNewHorizons\Thaumic_Exploration->Thaumic-Exploration
GTNewHorizons\ThaumicBases->Thaumic-Based-
GTNewHorizons\ThaumicEnergistics->thaumicenergistics-
GTNewHorizons\ThaumicHorizons->ThaumicHorizons-
GTNewHorizons\thaumicinsurgence->thaumicinsurgence-
GTNewHorizons\ThaumicInventoryScanning->tcinventoryscan-
GTNewHorizons\ThaumicTinkerer->ThaumicTinkerer-
GTNewHorizons\TiC-Tooltips->TiCTooltips-
GTNewHorizons\TinkersConstruct->TConstruct-
GTNewHorizons\TinkersGregworks->TGregworks-
GTNewHorizons\TinkersMechworks->TMechworks-
GTNewHorizons\TooMuchLoot->TooMuchLoot-
GTNewHorizons\ToroHealth->torohealth-
GTNewHorizons\Translocators->Translocator-
GTNewHorizons\TravellersGearNeo->travellersgearneo-
GTNewHorizons\twilightforest->TwilightForest-
GTNewHorizons\TX-Loader->txloader-
GTNewHorizons\Universal-Singularities->Universal-Singularities-
GTNewHorizons\VisualProspecting->visualprospecting-
GTNewHorizons\waila->Waila-
GTNewHorizons\WailaHarvestability->WailaHarvestability-
GTNewHorizons\WAILAPlugins->WAILAPlugins-
GTNewHorizons\WanionLib->WanionLib-
GTNewHorizons\WarpTheory->WarpTheory-
GTNewHorizons\WAWLA->Wawla-
GTNewHorizons\WirelessCraftingTerminal->WirelessCraftingTerminal-
GTNewHorizons\WirelessRedstone-CBE->WR-CBE-
GTNewHorizons\WitcheryExtras->WitcheryExtras-
GTNewHorizons\WitchingGadgets->WitchingGadgets-
GTNewHorizons\Yamcl->YAMCore-
CURSE\AdvancedSolarPanel->AdvancedSolarPanel-
CURSE\Aroma1997Core->Aroma1997Core-
CURSE\AromaBackup->AromaBackup-
CURSE\Automagy->Automagy-
CURSE\BeeBetterAtBees->BeeBetterAtBees-
CURSE\BiblioCraft->BiblioCraft
CURSE\BiblioCraft-BiomesOPlenty->BiblioWoods[BiomesOPlenty]
CURSE\BiblioCraft-Forestry->BiblioWoods[Forestry]
CURSE\BiblioCraft-Natura->BiblioWoods[Natura]
CURSE\BiomesOPlenty->BiomesOPlenty-
CURSE\Carpenter'sBlocks->Carpenter's Blocks
CURSE\CoFHCore->CoFHCore-
CURSE\CoFHLib->CoFHLib-
CURSE\CommandBlocksforBetterQuesting->CB4BQ-
CURSE\CompactKinetic Generators->CompactKineticGenerators-
CURSE\Craft-Presence->CraftPresence-
CURSE\CustomMainMenu->CustomMainMenu-
CURSE\ExtraUtilities->extrautilities-
CURSE\FastCraft->fastcraft-
CURSE\ForgeRelocation-FMPPlugin->ForgeRelocationFMP-
CURSE\GravitationSuite->GraviSuite-
CURSE\HardcoreDarkness->HardcoreDarkness-
CURSE\Healer->Healer-
CURSE\IC2Crop-BreedingPlugin->IC2 Crop Plugin Version
CURSE\IndustrialCraft2->industrialcraft-
CURSE\JourneyMap->journeymap-
CURSE\JourneyMapServer->JourneyMapServer
CURSE\Morpheus->Morpheus-
CURSE\Nature'sCompass->NaturesCompass-
CURSE\p455w0rd'sLibrary->p455w0rdslib-
CURSE\Pam'sHarvesttheNether->Pam's Harvest the Nether
CURSE\ResourceLoader->ResourceLoader-
CURSE\TC-4-Tweaks->Thaumcraft4Tweaks-
CURSE\Thaumcraft->Thaumcraft-
CURSE\ThaumcraftNEIPlugin->thaumcraftneiplugin-
CURSE\ThaumicMachina->Thaumic Machina-
CURSE\Tinkers'Defense->Tinkers-Defense-
CURSE\TravellersGear->TravellersGear-
CURSE\Witchery->witchery-
CURSE\Ztones->Ztones-
OTHER\UniMixins->unimixins-all-