AdvancedBotany->GTNewHorizons\Advanced-Botany
adventurebackpack->GTNewHorizons\AdventureBackpack2
ae2fc->GTNewHorizons\AE2FluidCraft-Rework
ae2stuff->GTNewHorizons\ae2stuff
AFSU->GTNewHorizons\AFSU
AMDIForge->GTNewHorizons\AMDIForge
AmunRa->GTNewHorizons\amunra
amunra->GTNewHorizons\amunra
angelica->GTNewHorizons\Angelica
AngerMod->GTNewHorizons\AngerMod
AppleCore->GTNewHorizons\AppleCore
appliedenergistics2->GTNewHorizons\Applied-Energistics-2-Unofficial
ArchitectureCraft->GTNewHorizons\ArchitectureCraft
AsieLib->GTNewHorizons\AsieLib
Avaritia->GTNewHorizons\Avaritia
Avaritiaddons->GTNewHorizons\Avaritiaddons
AVRcore->GTNewHorizons\AVRcore
bartworks->GTNewHorizons\bartworks
1.7.10->GTNewHorizons\Battlegear2
MB_Battlegear_2->GTNewHorizons\Battlegear2
battlegear2->GTNewHorizons\Battlegear2
Baubles->GTNewHorizons\Baubles
bdlib->GTNewHorizons\bdlib
BetterAchievements->GTNewHorizons\BetterAchievements
BetterBuildersWands->GTNewHorizons\BetterBuildersWands
bettercrashes->GTNewHorizons\BetterCrashes
betterloadingscreen->GTNewHorizons\BetterLoadingScreen
betterp2p->GTNewHorizons\BetterP2P
BetterQuesting->GTNewHorizons\BetterQuesting
binnie->GTNewHorizons\Binnie
BlockLimiter->GTNewHorizons\BlockLimiter
blockrenderer6343->GTNewHorizons\BlockRenderer6343
BloodArsenal->GTNewHorizons\BloodArsenal
BloodMagic->GTNewHorizons\BloodMagic
BON2->GTNewHorizons\BON2
Botania->GTNewHorizons\Botania
BotanicHorizons->GTNewHorizons\Botanic-horizons
Gambiarra.s.BQThermosFix->GTNewHorizons\BQ3-Thermos-patch
BrandonsCore->GTNewHorizons\BrandonsCore
BugTorch->GTNewHorizons\BugTorch
bugtorch->GTNewHorizons\BugTorch
buildcraft->GTNewHorizons\BuildCraft
buildcraft-compat->GTNewHorizons\BuildCraftCompat
BuildCraftOilTweak->GTNewHorizons\BuildCraftOilTweak
CarpentersBlocks->GTNewHorizons\CarpentersBlocks
Chisel->GTNewHorizons\Chisel
chisel->GTNewHorizons\Chisel
chiseltones->GTNewHorizons\ChiselTones
CodeChickenCore->GTNewHorizons\CodeChickenCore
CodeChickenLib->GTNewHorizons\CodeChickenLib
CompactKineticGenerators->GTNewHorizons\CompactKineticGenerators
Computronics->GTNewHorizons\Computronics
controlling->GTNewHorizons\Controlling
CookingForBlockheads->GTNewHorizons\CookingForBlockheads
craftpresence->GTNewHorizons\CraftPresence
CraftTweaker->GTNewHorizons\CraftTweaker
creativecore->GTNewHorizons\CreativeCore
CropLoadCore->GTNewHorizons\CropLoadCore
CropsPP->GTNewHorizons\Crops-plus-plus
CTMLib->GTNewHorizons\CTMLib
custommainmenu->GTNewHorizons\Custom-Main-Menu
defaultserverlist->GTNewHorizons\DefaultServerList
DefaultWorldGenerator->GTNewHorizons\DefaultWorldGenerator
defaultworldgenerator->GTNewHorizons\DefaultWorldGenerator
GT.Scanner.Mod->GTNewHorizons\DetravScannerMod
Draconic->GTNewHorizons\Draconic-Evolution
DummyCore->GTNewHorizons\DummyCore
EMT->GTNewHorizons\Electro-Magic-Tools
ElectroMagicTools->GTNewHorizons\Electro-Magic-Tools
endercore->GTNewHorizons\EnderCore
EnderIO->GTNewHorizons\EnderIO
EnderStorage->GTNewHorizons\EnderStorage
EnderZoo->GTNewHorizons\EnderZoo
EnhancedLootBags->GTNewHorizons\EnhancedLootBags
enklume->GTNewHorizons\Enklume
EternalSingularity->GTNewHorizons\Eternal-Singularity
eternalsingularity->GTNewHorizons\Eternal-Singularity
ExtraCells->GTNewHorizons\ExtraCells2
findit->GTNewHorizons\FindIt
FloodLights->GTNewHorizons\FloodLights
Forbidden.Magic->GTNewHorizons\ForbiddenMagic
Forestry->GTNewHorizons\ForestryMC
forestry_1.7.10->GTNewHorizons\ForestryMC
ForgeGradle->GTNewHorizons\ForgeGradle
Forgelin->GTNewHorizons\Forgelin
forgelin->GTNewHorizons\Forgelin
ForgeMultipart->GTNewHorizons\ForgeMultipart
ForgeRelocation->GTNewHorizons\ForgeRelocation
ForgeRelocationFMP->GTNewHorizons\ForgeRelocationFMP
RelocationFMP->GTNewHorizons\ForgeRelocationFMP
FTBLib->GTNewHorizons\FTB-Library
FTBUtilities->GTNewHorizons\FTB-Utilities
gadomancy->GTNewHorizons\Gadomancy
galacticgreg->GTNewHorizons\GalacticGregGT5
Galacticraft->GTNewHorizons\Galacticraft
gendustry->GTNewHorizons\gendustry
ggfab->GTNewHorizons\GigaGramFab
GoodGenerator->GTNewHorizons\GoodGenerator
gravisuiteneo->GTNewHorizons\Gravitation-Suite-Neo
gregtech->GTNewHorizons\GT5-Unofficial
gtneioreplugin->GTNewHorizons\GTNEIOrePlugin
gtnhintergalactic->GTNewHorizons\GTNH-Intergalactic
gtnhlanth->GTNewHorizons\GTNH-Lanthanides
GTNH->GTNewHorizons\GTNH-TC-Wands
wands->GTNewHorizons\GTNH-TC-Wands
gtnh->GTNewHorizons\GTNH-Web-Map
GTNHGradle->GTNewHorizons\GTNHGradle
gtnhlib->GTNewHorizons\GTNHLib
gtnhmixins->GTNewHorizons\GTNHMixins
GT->GTNewHorizons\GTplusplus
guideapi->GTNewHorizons\Guide-API
HardcoreEnderExpansion->GTNewHorizons\Hardcore-Ender-Expansion
HelpFixer->GTNewHorizons\HelpFixer
hodgepodge->GTNewHorizons\Hodgepodge
HoloInventory->GTNewHorizons\HoloInventory
holoinventory->GTNewHorizons\HoloInventory
HungerOverhaul->GTNewHorizons\HungerOverhaul
hydroenergy->GTNewHorizons\HydroEnergy
Ic2ExpReactorPlanner->GTNewHorizons\Ic2ExpReactorPlanner
IFU->GTNewHorizons\IFU
ifu->GTNewHorizons\IFU
IguanaTweaksTConstruct->GTNewHorizons\IguanaTweaksTConstruct
InfernalMobs->GTNewHorizons\Infernal-Mobs
InGameInfoXML->GTNewHorizons\InGame-Info-XML
INpureCore->GTNewHorizons\INpureCore
inventorytweaks->GTNewHorizons\inventory-tweaks
IronChest->GTNewHorizons\ironchest
IronChestMinecarts->GTNewHorizons\IronChestMinecarts
irontank->GTNewHorizons\Irontanks
irontanks->GTNewHorizons\Irontanks
itlt->GTNewHorizons\itlt
JABBA->GTNewHorizons\Jabba
Jabba->GTNewHorizons\Jabba
kekztech->GTNewHorizons\KekzTech
kubatech->GTNewHorizons\KubaTech
launchwrapper->GTNewHorizons\LegacyLauncher
littletiles->GTNewHorizons\LittleTiles
logisticspipes->GTNewHorizons\LogisticsPipes
lootgames->GTNewHorizons\LootGames
LunatriusCore->GTNewHorizons\LunatriusCore
lwjgl3ify->GTNewHorizons\lwjgl3ify
lwjglx->GTNewHorizons\lwjgl3ify
magicbees->GTNewHorizons\MagicBees
malisiscore->GTNewHorizons\MalisisCore
malisisdoors->GTNewHorizons\MalisisDoors
Mantle->GTNewHorizons\Mantle
MicdoodleCore->GTNewHorizons\MicdoodleCore
backpack->GTNewHorizons\Minecraft-Backpack-Mod
GTTweaker->GTNewHorizons\Minetweaker-Gregtech-5-Addon
MixinExtras->GTNewHorizons\MixinExtras
mixingasm->GTNewHorizons\Mixingasm
modmixins->GTNewHorizons\ModMixins
ModTweaker2->GTNewHorizons\ModTweaker
modularui->GTNewHorizons\ModularUI
MouseTweaks->GTNewHorizons\MouseTweaks
MrTJPCore->GTNewHorizons\MrTJPCore
mxrandom->GTNewHorizons\MX-Random
MyEssentials->GTNewHorizons\MyEssentials-Core
MyPermissions->GTNewHorizons\MyPermissions
MyTown2->GTNewHorizons\MyTown2
Natura->GTNewHorizons\Natura
naturescompass->GTNewHorizons\NaturesCompass
NEICustomDiagram->GTNewHorizons\nei-custom-diagram
NEIIntegration->GTNewHorizons\NEI-Integration
NEIAddons->GTNewHorizons\neiaddons
netherportalfix->GTNewHorizons\NetherPortalFix
NettyPatch->GTNewHorizons\Netty-Patcher
GTNewHorizonsCoreMod->GTNewHorizons\NewHorizonsCoreMod
NewHorizonsServerCore->GTNewHorizons\NewHorizonsServerCore
NodalMechanics->GTNewHorizons\Nodal-Mechanics
NotEnoughEnergistics->GTNewHorizons\NotEnoughEnergistics
notenoughIDs->GTNewHorizons\NotEnoughIds
NotEnoughItems->GTNewHorizons\NotEnoughItems
NotEnoughThaumcraftTabs->GTNewHorizons\NotEnoughThaumcraftTabs
IC2NuclearControl->GTNewHorizons\Nuclear-Control
nutrition->GTNewHorizons\Nutrition
oauth->GTNewHorizons\oauth
OpenGlasses->GTNewHorizons\OCGlasses
openglases->GTNewHorizons\OCGlasses
OpenBlocks->GTNewHorizons\OpenBlocks
OpenComputers->GTNewHorizons\OpenComputers
OpenMods->GTNewHorizons\OpenModsLib
OpenModsLibs->GTNewHorizons\OpenModsLib
OpenModularTurrets->GTNewHorizons\OpenModularTurrets
openprinter->GTNewHorizons\OpenPrinter
opensecurity->GTNewHorizons\OpenSecurity
Opis->GTNewHorizons\Opis
overloadedarmorbar->GTNewHorizons\OverloadedArmorBar
p455w0rdslib->GTNewHorizons\p455w0rds-Library
personalspace->GTNewHorizons\PersonalSpace
PlayerAPI->GTNewHorizons\Player-API
ProjectBlue->GTNewHorizons\ProjectBlue
ProjRed->GTNewHorizons\ProjectRed
QmunityLib->GTNewHorizons\QmunityLib
questbook->GTNewHorizons\QuestBook
Railcraft->GTNewHorizons\Railcraft
RandomThings->GTNewHorizons\Random-Things
RWG->GTNewHorizons\Realistic-World-Gen
RemoteIO->GTNewHorizons\RemoteIO
retrofuturagradle->GTNewHorizons\RetroFuturaGradle
rfgJavacPlugin->GTNewHorizons\RetroFuturaGradle
roguelike->GTNewHorizons\Roguelike-Dungeons
StevesCarts->GTNewHorizons\SC2
Schematica->GTNewHorizons\Schematica
SchematicaFairplay->GTNewHorizons\Schematica
SGCraft->GTNewHorizons\SGCraft
sharewhereiam->GTNewHorizons\Share-Where-I-am
sleepingbag->GTNewHorizons\SleepingBags
SpecialAI->GTNewHorizons\SpecialAI
SpecialMobs->GTNewHorizons\SpecialMobs
SpiceOfLife->GTNewHorizons\SpiceOfLife
SpongeMixins->GTNewHorizons\SpongeMixins
StandardExpansion->GTNewHorizons\StandardQuestingPack
StevesFactoryManager->GTNewHorizons\Steve-s-Factory-Manager
StevesAddons->GTNewHorizons\StevesAddons
StorageDrawersBop->GTNewHorizons\StorageDrawers-BiomesOPlenty
StorageDrawersErebus->GTNewHorizons\StorageDrawers-Erebus
StorageDrawersForestry->GTNewHorizons\StorageDrawers-Forestry
StorageDrawersMisc->GTNewHorizons\StorageDrawers-Misc
StorageDrawersNatura->GTNewHorizons\StorageDrawers-Natura
StorageDrawers->GTNewHorizons\StorageDrawers
structurecompat->GTNewHorizons\StructureCompat
structurelib->GTNewHorizons\StructureLib
SuperTic->GTNewHorizons\Super-TiC
SSP->GTNewHorizons\supersolarpanels
Tainted->GTNewHorizons\Tainted-Magic
Thaumcraft4Tweaks->GTNewHorizons\TC4Tweaks
tc4tweak->GTNewHorizons\TC4Tweaks
Thaumcraft-NEI-Additions->GTNewHorizons\TCNEIAdditions
tcneiadditions->GTNewHorizons\TCNEIAdditions
tcnodetracker->GTNewHorizons\TCNodeTracker
TecTech->GTNewHorizons\TecTech
ThaumcraftResearchTweaks->GTNewHorizons\thaumcraft-research-tweaks
ThaumcraftMobAspects->GTNewHorizons\ThaumcraftMobAspects
Thaumic-Based->GTNewHorizons\ThaumicBases
thaumicenergistics->GTNewHorizons\ThaumicEnergistics
ThaumicHorizons->GTNewHorizons\ThaumicHorizons
thaumicinsurgence->GTNewHorizons\thaumicinsurgence
tcinventoryscan->GTNewHorizons\ThaumicInventoryScanning
ThaumicTinkerer->GTNewHorizons\ThaumicTinkerer
Thaumic-Exploration->GTNewHorizons\Thaumic_Exploration
ThaumicExploration->GTNewHorizons\Thaumic_Exploration
aether->GTNewHorizons\The-Aether-GTNH
Thermos->GTNewHorizons\Thermos
TiCTooltips->GTNewHorizons\TiC-Tooltips
TConstruct->GTNewHorizons\TinkersConstruct
TGregworks->GTNewHorizons\TinkersGregworks
TMechworks->GTNewHorizons\TinkersMechworks
TooMuchLoot->GTNewHorizons\TooMuchLoot
torohealth->GTNewHorizons\ToroHealth
Translocator->GTNewHorizons\Translocators
travellersgearneo->GTNewHorizons\TravellersGearNeo
TwilightForest->GTNewHorizons\twilightforest
txloader->GTNewHorizons\TX-Loader
Universal->GTNewHorizons\Universal-Singularities
Universal.Singularities->GTNewHorizons\Universal-Singularities
universalsingularities->GTNewHorizons\Universal-Singularities
visualprospecting->GTNewHorizons\VisualProspecting
Waila->GTNewHorizons\waila
WailaHarvestability->GTNewHorizons\WailaHarvestability
WAILAPlugins->GTNewHorizons\WAILAPlugins
WanionLib->GTNewHorizons\WanionLib
WarpTheory->GTNewHorizons\WarpTheory
Wawla->GTNewHorizons\WAWLA
WirelessCraftingTerminal->GTNewHorizons\WirelessCraftingTerminal
ae2wct->GTNewHorizons\WirelessCraftingTerminal
WR->GTNewHorizons\WirelessRedstone-CBE
WitcheryExtras->GTNewHorizons\WitcheryExtras
WitchingGadgets->GTNewHorizons\WitchingGadgets
YAMCore->GTNewHorizons\Yamcl
ZenScript->GTNewHorizons\ZenScript
AdvancedSolarPanel->CURSE\AdvancedSolarPanel
Aroma1997Core->CURSE\Aroma1997Core
AromaBackup->CURSE\AromaBackup
Automagy->CURSE\Automagy
BeeBetterAtBees->CURSE\BeeBetterAtBees
BiblioCraft->CURSE\BiblioCraft
BiblioWoods[BiomesOPlenty]->CURSE\BiblioCraft-BiomesOPlenty
BiblioWoods[Forestry]->CURSE\BiblioCraft-Forestry
BiblioWoods[Natura]->CURSE\BiblioCraft-Natura
BiomesOPlenty->CURSE\BiomesOPlenty
Carpenter's Blocks->CURSE\Carpenter'sBlocks
CoFHCore->CURSE\CoFHCore
CoFHLib->CURSE\CoFHLib
CB4BQ->CURSE\CommandBlocksforBetterQuesting
CompactKineticGenerators->CURSE\CompactKinetic Generators
CraftPresence->CURSE\Craft-Presence
CustomMainMenu->CURSE\CustomMainMenu
extrautilities->CURSE\ExtraUtilities
fastcraft->CURSE\FastCraft
GraviSuite->CURSE\GravitationSuite
HardcoreDarkness->CURSE\HardcoreDarkness
Healer->CURSE\Healer
IC2 Crop Plugin Version->CURSE\IC2Crop-BreedingPlugin
industrialcraft->CURSE\IndustrialCraft2
journeymap->CURSE\JourneyMap
JourneyMapServer->CURSE\JourneyMapServer
Morpheus->CURSE\Morpheus
NaturesCompass->CURSE\Nature'sCompass
Pam's Harvest the Nether->CURSE\Pam'sHarvesttheNether
ResourceLoader->CURSE\ResourceLoader
Thaumcraft->CURSE\Thaumcraft
thaumcraftneiplugin->CURSE\ThaumcraftNEIPlugin
Thaumic Machina->CURSE\ThaumicMachina
Tinkers-Defense->CURSE\Tinkers'Defense
TravellersGear->CURSE\TravellersGear
witchery->CURSE\Witchery
Ztones->CURSE\Ztones
unimixins-all->OTHER\UniMixins
GalaxySpace->GTNewHorizonsPrivate\GalaxySpace
catwalks->GTNewHorizonsPrivate\catwalks
harvestcraft->GTNewHorizonsPrivate\harvestcraft